// Jest Snapshot v1, https://goo.gl/fbAQLP

exports[`Carousel should match snapshot 1`] = `
<section
  aria-label="Stories and events"
  aria-roledescription="carousel"
  class="carousel"
>
  <div
    class="carousel__slider"
  >
    <!---->
  </div>
   
  <div
    class="carousel__footer"
  />
   
  <div
    class="carousel__panel"
  >
    <div
      class="carousel__panel__progress-bar"
      style="width: 0%;"
    />
     
    <div
      class="carousel__panel__container"
    >
      <div
        aria-label="Stories"
        class="carousel__panel--right"
        role="navigation"
      >
        <ul
          class="carousel__panel--stories-menu"
          role="menu"
        >
          <li
            class="list-reset"
            role="menuitem"
          >
            <a
              class="carousel__panel--stories-menu--item"
              href="javascript: void(0);"
            >
              <span
                class="carousel__panel--stories-menu__text carousel__panel--stories-menu__active"
              >
                
                Story 1
              
              </span>
            </a>
          </li>
          <li
            class="list-reset"
            role="menuitem"
          >
            <a
              class="carousel__panel--stories-menu--item"
              href="javascript: void(0);"
            >
              <span
                class="carousel__panel--stories-menu__text"
              >
                
                Story 2
              
              </span>
            </a>
          </li>
        </ul>
         
        <div
          class="carousel__panel--controls"
        >
          <div
            aria-label="Previous: Story 2"
            class="carousel__panel--controls__control"
            role="button"
            tabindex="0"
          >
            <!---->
          </div>
           
          <div
            aria-label="Stop carousel"
            class="carousel__panel--stop-pause carousel__panel--controls__control"
            data-message="Play"
            role="button"
            tabindex="0"
          >
            <!---->
          </div>
           
          <!---->
           
          <div
            aria-label="Next: Story 2"
            class="carousel__panel--controls__control"
            role="button"
            tabindex="0"
          >
            <!---->
          </div>
        </div>
      </div>
       
      <div
        aria-label="Stories"
        aria-live="off"
        class="carousel__panel--left"
        role="navigation"
      >
        <div
          class="carousel__panel__story"
        >
          <h2
            class="carousel__panel__title"
          >
            <a
              href="google.com"
            >
              
              Story 1
            
            </a>
          </h2>
           
          <p
            class="carousel__panel__description"
          >
            
            Story 2 description
          
          </p>
        </div>
         
        <div
          tabindex="0"
        >
          <buttonicon
            class="carousel__panel--cta"
            href="google.com"
            role="button"
            size="sml"
            width="wide"
          >
            
            Register
          
          </buttonicon>
        </div>
      </div>
    </div>
  </div>
</section>
`;
