// Jest Snapshot v1, https://goo.gl/fbAQLP

exports[`CardFeaturesPanel should match snapshot 1`] = `
<div
  class="card card--features-panel card--features-panel--head bg-white"
  href=""
>
  <div
    class="card__thumb"
  >
    <div
      class="card__thumb-img"
      style="background-image: url(https://matrix-cms.unimelb.edu.au/__data/assets/image/0022/82903/pattern-library-staff-placeholder.png);"
    />
  </div>
   
  <div
    class="card__inner"
  >
    <h3
      class="card__title"
    >
      
    </h3>
     
    <p
      class="card__meta"
    >
      
    </p>
  </div>
   
  <!---->
</div>
`;
