// Jest Snapshot v1, https://goo.gl/fbAQLP

exports[`CardEvents should match snapshot 1`] = `
<div
  class="card card--generic card--generic--full-width"
>
  <a
    aria-label="Image formock title"
    class="card__thumb card__thumb--full-height"
    href="www.unimelb.edu.au"
    style="background-image: url(https://via.placeholder.com/400x200);"
  />
   
  <div
    class="card__inner"
  >
    <h3
      class="card__header"
    >
      <a
        class="card__title"
        href="www.unimelb.edu.au"
      >
        mock title
      </a>
    </h3>
     
    <!---->
     
    <!---->
     
    <div
      class="card__footer"
    >
      <!---->
       
      <div
        class="card__links"
      />
    </div>
  </div>
</div>
`;
