// Jest Snapshot v1, https://goo.gl/fbAQLP

exports[`CardShowcaseProfile should match snapshot 1`] = `
<div
  class="card card--bdr card--showcase-profile"
>
  <div
    aria-label="Profile Image"
    class="card__thumb"
    style="background-image: url(https://matrix-cms.unimelb.edu.au/__data/assets/image/0028/85159/staff-placeholder-short.png);"
  />
   
  <div
    class="card__container"
  >
    <!---->
     
    <div
      class="card__inner"
    >
      <div
        class="card__titles"
      >
        <h6
          class="card__title"
        >
          
        </h6>
         
        <p
          class="card__sub-title"
        >
          
        </p>
      </div>
       
      <div>
        <!---->
      </div>
    </div>
  </div>
   
  <div
    class="card__bio"
    name="slide-fade"
    style="display: none;"
  >
    <!---->
     
    <p
      class="card__bio--text"
    >
      
    </p>
  </div>
</div>
`;
