// Jest Snapshot v1, https://goo.gl/fbAQLP

exports[`CardShowcaseProfile should match snapshot 1`] = `
<div
  class="showcase-profile"
>
  <div
    aria-label="Profile Image"
    class="showcase-profile__thumb"
    style="background-image: url(https://matrix-cms.unimelb.edu.au/__data/assets/image/0028/85159/staff-placeholder-short.png);"
  />
   
  <div
    class="showcase-profile__container"
  >
    <div
      aria-label="Profile Image"
      class="showcase-profile__thumb--inner"
      style="background-image: url(https://matrix-cms.unimelb.edu.au/__data/assets/image/0028/85159/staff-placeholder-short.png); display: none;"
    />
     
    <div
      class="showcase-profile__inner"
    >
      <div
        class="showcase-profile__titles"
      >
        <h6
          class="showcase-profile__title"
        >
          
        </h6>
         
        <p
          class="showcase-profile__sub-title"
        >
          
        </p>
      </div>
       
      <div>
        <!---->
      </div>
    </div>
  </div>
   
  <div
    class="showcase-profile__bio"
    name="slide"
    style="display: none;"
  >
    <!---->
     
    <p
      class="showcase-profile__bio--text"
    >
      
    </p>
  </div>
</div>
`;
