// Jest Snapshot v1, https://goo.gl/fbAQLP

exports[`CardStaffList should match snapshot 1`] = `
<div
  class="btn-owner card card--stafflist card--bdr-blue bg-white"
>
  <a
    aria-label="Photo of Test name"
    class="card__thumb"
    href="#"
    style="background-image: url(https://matrix-cms.unimelb.edu.au/__data/assets/image/0022/82903/pattern-library-staff-placeholder.png);"
    title="profile of Test name"
  />
   
  <div
    class="card__inner"
  >
    <a
      aria-label="Profile position"
      class="card__header"
      href="#"
      title="profile link"
    >
      <h3
        class="card__position"
      >
        Test position
      </h3>
       
      <h4
        class="card__name"
      >
        Test name
      </h4>
    </a>
     
    <!---->
     
    <!---->
  </div>
</div>
`;
