// Jest Snapshot v1, https://goo.gl/fbAQLP

exports[`GenericCard should match snapshot 1`] = `
<div
  class="btn-owner card card--generic"
>
  <a
    aria-label="Image for"
    class="card__thumb"
    href="#"
    style="background-image: url(https://matrix-cms.unimelb.edu.au/__data/assets/image/0022/82903/pattern-library-staff-placeholder.png);"
  />
   
  <div
    class="card__inner"
  >
    <h3
      class="card__header"
    >
      <a
        class="card__title"
        href="#"
      >
        
      </a>
    </h3>
     
    <!---->
     
    <div
      class="card__excerpt"
    >
      Lorem ipsum dolor sit amet, consectetur.
    </div>
     
    <div
      class="card__footer"
    >
      <!---->
       
      <div
        class="card__links"
      />
    </div>
  </div>
</div>
`;
