// Jest Snapshot v1, https://goo.gl/fbAQLP

exports[`GenericCard should match snapshot 1`] = `
<div
  class="card card--generic"
>
  <a
    aria-label="Image formock title"
    class="card__thumb"
    href="www.unimelb.edu.au"
    style="background-image: url(https://matrix-cms.unimelb.edu.au/__data/assets/image/0022/82903/pattern-library-staff-placeholder.png);"
    title="mock title"
  />
   
  <div
    class="card__inner"
  >
    <h3
      class="card__header"
    >
      <a
        class="card__title"
        href="www.unimelb.edu.au"
      >
        mock title
      </a>
    </h3>
     
    <!---->
     
    <!---->
     
    <div
      class="card__footer card__footer--column"
    >
      <!---->
       
      <div
        class="card__links"
      />
    </div>
  </div>
</div>
`;
