// Jest Snapshot v1, https://goo.gl/fbAQLP

exports[`PhotoGalleryInPage should match snapshot 1`] = `
<div
  class="photo-gallery-in-page"
>
  <div
    class="photo-gallery-in-page__slider"
  >
    <div
      class="arrow-wrapper"
      role="button"
      tabindex="0"
      title="Previous (arrow left)"
    >
      <svgicon
        class="photo-gallery-in-page__chevron"
        height="30"
        name="chevron-left"
        width="30"
      />
    </div>
     
    <div
      class="photo-gallery-in-page--container"
    >
      <figure
        class="photo-gallery-in-page__figure"
      >
        <!---->
         
        <!---->
      </figure>
    </div>
     
    <div
      class="arrow-wrapper"
      role="button"
      tabindex="0"
      title="Next (arrow right)"
    >
      <svgicon
        class="photo-gallery-in-page__chevron"
        height="30"
        name="chevron-right"
        width="30"
      />
    </div>
  </div>
   
  <figure
    class="photo-gallery-in-page__figure-thumbnails"
  >
    <div
      class="photo-gallery-in-page__thumbnails"
    >
      <div
        aria-describedby="caption0"
        class="thumb active"
        role="button"
        tabindex="0"
      >
        <!---->
         
        <!---->
      </div>
    </div>
     
    <div
      class="photo-gallery-in-page__media-count"
    >
      1 / 1
    </div>
     
    <figcaption
      class="photo-gallery-in-page__title"
      id="caption0"
    >
      
    </figcaption>
     
    <div
      class="photo-gallery-in-page__description"
    >
      
    </div>
  </figure>
</div>
`;
