// Jest Snapshot v1, https://goo.gl/fbAQLP

exports[`MegaMenuAlt should match snapshot 1`] = `
<header
  class="mega-menu-alt"
>
  <a
    class="mega-menu-alt__skip-link screen-reader-jump-to__skippy screenreaders-only screenreaders-only-focusable btn--inverted btn btn--xsml"
    href="#main"
  >
    
    Skip to content
  
  </a>
   
  <div
    class="mega-menu-alt__inner bg-inverted"
  >
    <!---->
     
    <div
      class="mega-menu-alt__menu"
    >
      <div
        class="mega-menu-alt__menu-top"
      >
        <nav
          aria-label="Quick links"
        >
          <ul
            class="mega-menu-alt__secondary-links list-reset"
          >
            <li>
              <a
                class="link-reset"
                href="https://students.unimelb.edu.au/"
              >
                
                Current students
              
              </a>
            </li>
            <li>
              <a
                class="link-reset"
                href="https://staff.unimelb.edu.au/"
              >
                
                Staff
              
              </a>
            </li>
            <li>
              <a
                class="link-reset"
                href="https://library.unimelb.edu.au/"
              >
                
                Library
              
              </a>
            </li>
            <li>
              <a
                class="link-reset"
                href="https://www.unimelb.edu.au/alumni"
              >
                
                Alumni
              
              </a>
            </li>
          </ul>
        </nav>
         
        <ul
          class="mega-menu-alt__actions list-reset"
        >
          <li
            class="mega-menu-alt__contact"
          >
            <a
              class="link-reset"
              href="https://www.unimelb.edu.au/contact"
            >
              
              Contact
            
            </a>
          </li>
           
          <li
            class="mega-menu-alt__search"
          >
            <button
              aria-expanded="false"
              class="link-reset"
            >
              
              Search
              
              <svg
                focusable="false"
                role="presentation"
              >
                <use
                  xlink:href="#icon-search"
                />
              </svg>
            </button>
          </li>
           
          <li
            class="mega-menu-alt__mobile-menu"
          >
            <button
              aria-expanded="false"
              class="link-reset"
            >
              
              Menu
              
              <svg
                aria-label="icon menu"
                focusable="false"
                viewBox="10 10 26 28"
              >
                <path
                  d="M6 36h36v-4H6v4zm0-10h36v-4H6v4zm0-14v4h36v-4H6z"
                />
              </svg>
            </button>
          </li>
        </ul>
      </div>
       
      <nav
        aria-label="Site"
      >
        <ul
          class="mega-menu-alt__primary-links list-reset"
        >
          <li>
            <a
              class="link-reset"
              href="/home-page"
            >
              
              Home
            
            </a>
          </li>
          <li>
            <a
              class="link-reset"
              href="https://study.unimelb.edu.au/"
            >
              
              Study at Melbourne
            
            </a>
          </li>
          <li>
            <a
              class="link-reset"
              href="https://research.unimelb.edu.au/"
            >
              
              Research and innovation
            
            </a>
          </li>
          <li>
            <a
              class="link-reset"
              href="https://students.unimelb.edu.au/campus-life/policy-and-conduct/respect-at-the-university"
            >
              
              Safety and respect
            
            </a>
          </li>
          <li>
            <a
              class="link-reset"
              href="https://study.unimelb.edu.au/discover/virtual-tour"
            >
              
              Virtual Campus
            
            </a>
          </li>
        </ul>
      </nav>
       
      <!---->
       
      <div
        class="page-header-search"
      >
        <!---->
      </div>
    </div>
  </div>
</header>
`;
