// Jest Snapshot v1, https://goo.gl/fbAQLP

exports[`Compacted Table should match snapshot 1`] = `
<div
  class="table-compacted table-compacted--headings"
/>
`;

exports[`Responsive Table should match snapshot 1`] = `
<div
  class="table-responsive table-responsive--end"
>
  <div
    class="table-responsive__inner"
  />
</div>
`;
