// Jest Snapshot v1, https://goo.gl/fbAQLP

exports[`Sidebar should match snapshot 1`] = `
<div
  class="sidebar"
>
  <h3
    class="sidebar__title"
  >
    <svgicon
      class="sidebar__title--icon"
      height="16px"
      name=""
      width="16px"
    />
    
    
  </h3>
   
  <buttonicon
    class="sidebar__button"
    no-icon=""
    size="xsml"
  >
    
  </buttonicon>
   
  <ul
    class="sidebar-list"
  />
</div>
`;
