// Jest Snapshot v1, https://goo.gl/fbAQLP

exports[`Sidebar should match snapshot 1`] = `
<div
  class="sidebar"
>
  <div
    class="sidebar__header"
  >
    <h3
      class="sidebar__title"
    >
      <svgicon
        class="sidebar__title-icon"
        height="16px"
        name=""
        width="16px"
      />
      
      
    </h3>
  </div>
   
  <div
    class="sidebar__inner"
  >
    <!---->
     
    <ul
      class="sidebar__list"
    />
  </div>
</div>
`;
