// Jest Snapshot v1, https://goo.gl/fbAQLP

exports[`PageHeader should match snapshot 1`] = `
<header
  class="page-header page-header--l1"
>
  <div
    class="page-header__inner max"
  >
    <!---->
     
    <!---->
     
    <h1
      class="page-header__heading"
    >
      
    </h1>
  </div>
   
  <div
    class="page-header__img page-header__aperture"
    style="background-image: url();"
  />
</header>
`;
