// Jest Snapshot v1, https://goo.gl/fbAQLP

exports[`SplitSectionHeader should match snapshot 1`] = `
<div
  class="split-section-header"
  style="background-image: url();"
>
  <div
    class="split-section-header__container"
  >
    <div
      class="split-section-header__inner"
    >
      <div
        class="split-section-header__content"
      >
        <h1
          class="split-section-header__title"
        >
          
        </h1>
         
        <p
          class="split-section-header__sub-title"
        >
          
        </p>
         
        <!---->
      </div>
    </div>
  </div>
</div>
`;
