// Jest Snapshot v1, https://goo.gl/fbAQLP

exports[`Pathfinder should match snapshot 1`] = `
<section
  class="section section--image bg-inverted-dark"
  style="background-image: url(https://via.placeholder.com/400x200);"
>
  <div
    class="section--image-mask"
  />
   
  <div
    class="section__inner"
  >
    <div
      class="listing listing--three listing--center"
    >
      <listitem>
        <!---->
      </listitem>
    </div>
  </div>
</section>
`;
