// Jest Snapshot v1, https://goo.gl/fbAQLP

exports[`PageFooter should match snapshot 1`] = `
<footer
  class="page-footer"
  id="page-footer"
>
  <!---->
   
  <div
    class="page-footer__bottom"
  >
    <div
      class="page-footer__inner max"
    >
      <div
        class="grid"
      >
        <div
          class="cell cell--wide-3of4"
        >
          <!---->
        </div>
         
        <div
          class="page-footer__main__ack cell cell--wide-1of4"
        >
          <a
            class="page-footer__ack link-reset"
            href="https://unimelb.edu.au/reconciliation"
          >
            We acknowledge and pay respect to the Traditional Owners of the lands upon which our campuses are situated.
          </a>
        </div>
      </div>
    </div>
  </div>
   
  <div
    id="liveagent"
  />
</footer>
`;
