// Jest Snapshot v1, https://goo.gl/fbAQLP

exports[`SectionDivider should match snapshot 1`] = `
<section
  class="section section--divider bg-inverted"
  style="background-image: url(https://cms.unimelb.edu.au/__data/assets/image/0005/2353784/UoM-soft-3.png);"
>
  <div
    class="section__inner--short section--divider__inner"
  >
    <h3
      class="heading-section"
    >
      
      
    
    </h3>
     
    <!---->
  </div>
</section>
`;
