// Jest Snapshot v1, https://goo.gl/fbAQLP

exports[`SublinkMenuItem should match snapshot 1`] = `
<a
  class="sublink-menu__item"
  href="#"
>
  <span
    class="push-icon"
  >
     
    <svgicon
      class="push-icon__icon"
      height="16"
      name="chevron-right"
      width="16"
    />
  </span>
</a>
`;
