// Jest Snapshot v1, https://goo.gl/fbAQLP

exports[`SublinkMenuItem should match snapshot 1`] = `
<div
  class="sublink-menu__item"
>
  <a
    class="sublink-menu__link"
    href="www.unimelb.edu.au"
  >
    mock slot 
    <!---->
  </a>
   
  <div
    class="sublink-menu__description"
  />
</div>
`;
