// Jest Snapshot v1, https://goo.gl/fbAQLP

exports[`MediaGallery Common should match snapshot 1`] = `
<div>
  <div
    class="media-gallery"
  >
    <!---->
     
    <div
      class="media-gallery__slider"
    >
      <div
        class="media-gallery__button"
        role="button"
        tabindex="0"
        title="Previous (arrow left)"
      >
        <!---->
      </div>
       
      <!---->
       
      <div
        class="media-gallery__button"
        role="button"
        tabindex="0"
        title="Next (arrow right)"
      >
        <!---->
      </div>
    </div>
     
    <!---->
  </div>
   
  <!---->
</div>
`;
