// Jest Snapshot v1, https://goo.gl/fbAQLP

exports[`ThumbnailGallery should match snapshot 1`] = `
<div
  class="thumbnails"
>
  <div
    class="thumbnails__container"
  >
    <div
      class="thumbnails__col thumbnails__col--1-col thumbnails__col--no-caption"
    >
      <figure
        class="thumbnails__item thumbnails__item--prevent-click"
        tabindex="0"
      >
        <!---->
         
        <!---->
         
        <!---->
      </figure>
    </div>
  </div>
</div>
`;
