// Jest Snapshot v1, https://goo.gl/fbAQLP

exports[`PageBreadcrumbs with two items should match snapshot 1`] = `
<nav
  aria-label="Breadcrumb"
>
  <ol
    class="page-breadcrumbs max links-reset"
  >
    <li
      class="page-breadcrumbs__item"
    >
      <a
        class="page-breadcrumbs__link"
        href="/foo"
      >
        <svg
          class="page-breadcrumbs__home"
          focusable="false"
          height="18"
          role="presentation"
          width="18"
        >
          <use
            xlink:href="#icon-home"
          />
        </svg>
         
        <span
          class="page-breadcrumbs__name"
        >
          Foo
        </span>
         
        <svg
          class="page-breadcrumbs__chevron"
          focusable="false"
          height="12"
          role="presentation"
          width="12"
        >
          <use
            xlink:href="#icon-chevron-right"
          />
        </svg>
      </a>
    </li>
    <li
      class="page-breadcrumbs__item"
    >
      <a
        aria-current="page"
        class="page-breadcrumbs__link"
        href="/bar"
      >
        <!---->
         
        <span
          class="page-breadcrumbs__name"
        >
          Bar
        </span>
         
        <!---->
      </a>
    </li>
  </ol>
</nav>
`;
