// Jest Snapshot v1, https://goo.gl/fbAQLP

exports[`PathfinderToday should match snapshot 1`] = `
<div
  class="pathfinder-today"
>
  <div
    class="max"
  >
     
    <ul
      class="pathfinder-today__list grid grid--lg"
    >
      <li
        class="pathfinder-today__list-item cell cell--lg cell--tab-1of2 cell--wide-1of4"
      >
        <a
          class="pathfinder-today__link"
          href="/landing-page/"
        >
          <span
            class="pathfinder-today__link-title heading-sm heading-sm--alt"
          >
            Undergraduate courses
          </span>
           
          <span
            class="pathfinder-today__link-description label-s"
          >
            Flexible first degrees that you can tailor to your career goals, or explore new possibilities.
          </span>
           
          <span
            class="pathfinder-today__link-icon"
          >
            <!---->
          </span>
        </a>
      </li>
      <li
        class="pathfinder-today__list-item cell cell--lg cell--tab-1of2 cell--wide-1of4"
      >
        <a
          class="pathfinder-today__link"
          href="/landing-page/"
        >
          <span
            class="pathfinder-today__link-title heading-sm heading-sm--alt"
          >
            Graduate courses
          </span>
           
          <span
            class="pathfinder-today__link-description label-s"
          >
            Study in small classes led by experts alongside others who share your interests and goals.
          </span>
           
          <span
            class="pathfinder-today__link-icon"
          >
            <!---->
          </span>
        </a>
      </li>
      <li
        class="pathfinder-today__list-item cell cell--lg cell--tab-1of2 cell--wide-1of4"
      >
        <a
          class="pathfinder-today__link"
          href="/landing-page/"
        >
          <span
            class="pathfinder-today__link-title heading-sm heading-sm--alt"
          >
            Graduate research
          </span>
           
          <span
            class="pathfinder-today__link-description label-s"
          >
            Access dedicated research centres, advanced  facilities, generous scholarships and more.
          </span>
           
          <span
            class="pathfinder-today__link-icon"
          >
            <!---->
          </span>
        </a>
      </li>
      <li
        class="pathfinder-today__list-item cell cell--lg cell--tab-1of2 cell--wide-1of4"
      >
        <a
          class="pathfinder-today__link"
          href="/landing-page/"
        >
          <span
            class="pathfinder-today__link-title heading-sm heading-sm--alt"
          >
            Short courses and microcredentials
          </span>
           
          <span
            class="pathfinder-today__link-description label-s"
          >
            Upskill, expand your knowledge and take the next step in your career with focused courses.
          </span>
           
          <span
            class="pathfinder-today__link-icon"
          >
            <!---->
          </span>
        </a>
      </li>
    </ul>
     
  </div>
</div>
`;
