// Jest Snapshot v1, https://goo.gl/fbAQLP

exports[`FilterDropdown should match spapshot 1`] = `
<div
  class="filter-dropdown"
  data-uuid="0"
>
  <div
    aria-expanded="false"
    aria-haspopup="listbox"
    class="filter-dropdown__select"
    data-testid="filter-dropdown-select"
    tabindex="0"
  >
    <div
      class="filter-dropdown__label filter-dropdown__label--strong"
      data-testid="filter-dropdown-placeholder"
    >
      
      2 course types selected
    
    </div>
     
    <div
      class="filter-dropdown__icon"
    >
      <svg
        aria-label="chevron-down"
        class="push-icon__icon"
        focusable="false"
        role="img"
      >
        <use
          xlink:href="#icon-chevron-down"
        />
         
        <title>
          Chevron-down
        </title>
         
      </svg>
    </div>
  </div>
   
  <div
    class="filter-dropdown__body"
    data-testid="filter-dropdown-body"
    tabindex="-1"
  >
    <div
      class="filter-dropdown__options-label"
      data-testid="filter-dropdown-options-label"
    >
      
      Course types to include:
    
    </div>
     
    <div>
      <div>
        <div
          class="nested-checkbox nested-checkbox--is-first"
        >
          <label
            aria-checked="false"
            class="nested-checkbox__checkbox base-checkbox base-checkbox--block"
            data-name="all"
            role="checkbox"
            tabindex="0"
          >
            <input
              class="base-checkbox__input"
              data-testid="base-checkbox-input"
              type="checkbox"
            />
             
            <span
              class="base-checkbox__icon"
            >
              <span
                class="base-checkbox__icon-checked"
                data-testid="base-checkbox-icon-checked"
              />
               
              <span
                class="base-checkbox__icon-indeterminate base-checkbox__icon-indeterminate--is-indeterminate"
                data-testid="base-checkbox-icon-indeterminate"
              />
            </span>
             
            <span
              class="base-checkbox__label"
              data-testid="base-checkbox-label"
            >
              All (49)
            </span>
          </label>
           
          <div>
            <div
              class="nested-checkbox"
            >
              <label
                aria-checked="false"
                class="nested-checkbox__checkbox base-checkbox base-checkbox--block"
                data-name="undergraduate"
                role="checkbox"
                tabindex="0"
              >
                <input
                  class="base-checkbox__input"
                  data-testid="base-checkbox-input"
                  type="checkbox"
                />
                 
                <span
                  class="base-checkbox__icon"
                >
                  <span
                    class="base-checkbox__icon-checked"
                    data-testid="base-checkbox-icon-checked"
                  />
                   
                  <span
                    class="base-checkbox__icon-indeterminate base-checkbox__icon-indeterminate--is-indeterminate"
                    data-testid="base-checkbox-icon-indeterminate"
                  />
                </span>
                 
                <span
                  class="base-checkbox__label"
                  data-testid="base-checkbox-label"
                >
                  Undergraduate (7)
                </span>
              </label>
               
              <div>
                <div
                  class="nested-checkbox"
                >
                  <label
                    aria-checked="true"
                    class="nested-checkbox__checkbox base-checkbox base-checkbox--block"
                    data-name="bachelor"
                    role="checkbox"
                    tabindex="0"
                  >
                    <input
                      class="base-checkbox__input"
                      data-testid="base-checkbox-input"
                      type="checkbox"
                    />
                     
                    <span
                      class="base-checkbox__icon"
                    >
                      <span
                        class="base-checkbox__icon-checked base-checkbox__icon-checked--is-checked"
                        data-testid="base-checkbox-icon-checked"
                      />
                       
                      <span
                        class="base-checkbox__icon-indeterminate"
                        data-testid="base-checkbox-icon-indeterminate"
                      />
                    </span>
                     
                    <span
                      class="base-checkbox__label"
                      data-testid="base-checkbox-label"
                    >
                      Bachelor (6)
                    </span>
                  </label>
                   
                  <!---->
                </div>
                <div
                  class="nested-checkbox"
                >
                  <label
                    aria-checked="true"
                    class="nested-checkbox__checkbox base-checkbox base-checkbox--block"
                    data-name="diploma"
                    role="checkbox"
                    tabindex="0"
                  >
                    <input
                      class="base-checkbox__input"
                      data-testid="base-checkbox-input"
                      type="checkbox"
                    />
                     
                    <span
                      class="base-checkbox__icon"
                    >
                      <span
                        class="base-checkbox__icon-checked base-checkbox__icon-checked--is-checked"
                        data-testid="base-checkbox-icon-checked"
                      />
                       
                      <span
                        class="base-checkbox__icon-indeterminate"
                        data-testid="base-checkbox-icon-indeterminate"
                      />
                    </span>
                     
                    <span
                      class="base-checkbox__label"
                      data-testid="base-checkbox-label"
                    >
                      Diploma (1)
                    </span>
                  </label>
                   
                  <!---->
                </div>
                <div
                  class="nested-checkbox"
                >
                  <label
                    aria-checked="false"
                    class="nested-checkbox__checkbox base-checkbox base-checkbox--block"
                    data-name="honours"
                    role="checkbox"
                    tabindex="0"
                  >
                    <input
                      class="base-checkbox__input"
                      data-testid="base-checkbox-input"
                      type="checkbox"
                    />
                     
                    <span
                      class="base-checkbox__icon"
                    >
                      <span
                        class="base-checkbox__icon-checked"
                        data-testid="base-checkbox-icon-checked"
                      />
                       
                      <span
                        class="base-checkbox__icon-indeterminate"
                        data-testid="base-checkbox-icon-indeterminate"
                      />
                    </span>
                     
                    <span
                      class="base-checkbox__label"
                      data-testid="base-checkbox-label"
                    >
                      Honours (0)
                    </span>
                  </label>
                   
                  <!---->
                </div>
              </div>
            </div>
            <div
              class="nested-checkbox"
            >
              <label
                aria-checked="false"
                class="nested-checkbox__checkbox base-checkbox base-checkbox--block"
                data-name="graduate"
                role="checkbox"
                tabindex="0"
              >
                <input
                  class="base-checkbox__input"
                  data-testid="base-checkbox-input"
                  type="checkbox"
                />
                 
                <span
                  class="base-checkbox__icon"
                >
                  <span
                    class="base-checkbox__icon-checked"
                    data-testid="base-checkbox-icon-checked"
                  />
                   
                  <span
                    class="base-checkbox__icon-indeterminate"
                    data-testid="base-checkbox-icon-indeterminate"
                  />
                </span>
                 
                <span
                  class="base-checkbox__label"
                  data-testid="base-checkbox-label"
                >
                  Graduate (38)
                </span>
              </label>
               
              <div>
                <div
                  class="nested-checkbox"
                >
                  <label
                    aria-checked="false"
                    class="nested-checkbox__checkbox base-checkbox base-checkbox--block"
                    data-name="certificate"
                    role="checkbox"
                    tabindex="0"
                  >
                    <input
                      class="base-checkbox__input"
                      data-testid="base-checkbox-input"
                      type="checkbox"
                    />
                     
                    <span
                      class="base-checkbox__icon"
                    >
                      <span
                        class="base-checkbox__icon-checked"
                        data-testid="base-checkbox-icon-checked"
                      />
                       
                      <span
                        class="base-checkbox__icon-indeterminate"
                        data-testid="base-checkbox-icon-indeterminate"
                      />
                    </span>
                     
                    <span
                      class="base-checkbox__label"
                      data-testid="base-checkbox-label"
                    >
                      Certificate (10)
                    </span>
                  </label>
                   
                  <!---->
                </div>
                <div
                  class="nested-checkbox"
                >
                  <label
                    aria-checked="false"
                    class="nested-checkbox__checkbox base-checkbox base-checkbox--block"
                    data-name="diploma"
                    role="checkbox"
                    tabindex="0"
                  >
                    <input
                      class="base-checkbox__input"
                      data-testid="base-checkbox-input"
                      type="checkbox"
                    />
                     
                    <span
                      class="base-checkbox__icon"
                    >
                      <span
                        class="base-checkbox__icon-checked"
                        data-testid="base-checkbox-icon-checked"
                      />
                       
                      <span
                        class="base-checkbox__icon-indeterminate"
                        data-testid="base-checkbox-icon-indeterminate"
                      />
                    </span>
                     
                    <span
                      class="base-checkbox__label"
                      data-testid="base-checkbox-label"
                    >
                      Diploma (6)
                    </span>
                  </label>
                   
                  <!---->
                </div>
                <div
                  class="nested-checkbox"
                >
                  <label
                    aria-checked="false"
                    class="nested-checkbox__checkbox base-checkbox base-checkbox--block"
                    data-name="master"
                    role="checkbox"
                    tabindex="0"
                  >
                    <input
                      class="base-checkbox__input"
                      data-testid="base-checkbox-input"
                      type="checkbox"
                    />
                     
                    <span
                      class="base-checkbox__icon"
                    >
                      <span
                        class="base-checkbox__icon-checked"
                        data-testid="base-checkbox-icon-checked"
                      />
                       
                      <span
                        class="base-checkbox__icon-indeterminate"
                        data-testid="base-checkbox-icon-indeterminate"
                      />
                    </span>
                     
                    <span
                      class="base-checkbox__label"
                      data-testid="base-checkbox-label"
                    >
                      Master (22)
                    </span>
                  </label>
                   
                  <!---->
                </div>
              </div>
            </div>
            <div
              class="nested-checkbox"
            >
              <label
                aria-checked="false"
                class="nested-checkbox__checkbox base-checkbox base-checkbox--block"
                data-name="research"
                role="checkbox"
                tabindex="0"
              >
                <input
                  class="base-checkbox__input"
                  data-testid="base-checkbox-input"
                  type="checkbox"
                />
                 
                <span
                  class="base-checkbox__icon"
                >
                  <span
                    class="base-checkbox__icon-checked"
                    data-testid="base-checkbox-icon-checked"
                  />
                   
                  <span
                    class="base-checkbox__icon-indeterminate"
                    data-testid="base-checkbox-icon-indeterminate"
                  />
                </span>
                 
                <span
                  class="base-checkbox__label"
                  data-testid="base-checkbox-label"
                >
                  Research (4)
                </span>
              </label>
               
              <div>
                <div
                  class="nested-checkbox"
                >
                  <label
                    aria-checked="false"
                    class="nested-checkbox__checkbox base-checkbox base-checkbox--block"
                    data-name="master"
                    role="checkbox"
                    tabindex="0"
                  >
                    <input
                      class="base-checkbox__input"
                      data-testid="base-checkbox-input"
                      type="checkbox"
                    />
                     
                    <span
                      class="base-checkbox__icon"
                    >
                      <span
                        class="base-checkbox__icon-checked"
                        data-testid="base-checkbox-icon-checked"
                      />
                       
                      <span
                        class="base-checkbox__icon-indeterminate"
                        data-testid="base-checkbox-icon-indeterminate"
                      />
                    </span>
                     
                    <span
                      class="base-checkbox__label"
                      data-testid="base-checkbox-label"
                    >
                      Master (2)
                    </span>
                  </label>
                   
                  <!---->
                </div>
                <div
                  class="nested-checkbox"
                >
                  <label
                    aria-checked="false"
                    class="nested-checkbox__checkbox base-checkbox base-checkbox--block"
                    data-name="phd"
                    role="checkbox"
                    tabindex="0"
                  >
                    <input
                      class="base-checkbox__input"
                      data-testid="base-checkbox-input"
                      type="checkbox"
                    />
                     
                    <span
                      class="base-checkbox__icon"
                    >
                      <span
                        class="base-checkbox__icon-checked"
                        data-testid="base-checkbox-icon-checked"
                      />
                       
                      <span
                        class="base-checkbox__icon-indeterminate"
                        data-testid="base-checkbox-icon-indeterminate"
                      />
                    </span>
                     
                    <span
                      class="base-checkbox__label"
                      data-testid="base-checkbox-label"
                    >
                      PhD (2)
                    </span>
                  </label>
                   
                  <!---->
                </div>
              </div>
            </div>
          </div>
        </div>
      </div>
    </div>
     
    <div
      class="filter-dropdown__actions"
    >
      <div
        class="filter-dropdown__action"
      >
        <button
          class="btn btn--fullwidth"
          data-testid="filter-dropdown-btn-clear"
          tabindex="0"
        >
          <!---->
           
          Clear filter
        
        </button>
      </div>
       
      <div
        class="filter-dropdown__action"
      >
        <button
          class="btn--cta btn btn--fullwidth"
          data-testid="filter-dropdown-btn-apply"
          tabindex="0"
        >
          <!---->
           
          Apply filter
        
        </button>
      </div>
    </div>
  </div>
</div>
`;
