// Jest Snapshot v1, https://goo.gl/fbAQLP

exports[`NestedCheckbox should match snapshot 1`] = `
<div>
  <div>
    <div
      class="nested-checkbox nested-checkbox--is-first"
    >
      <label
        class="base-checkbox"
        data-name="all"
      >
        <input
          aria-label=""
          class="base-checkbox__input"
          data-testid="base-checkbox-input"
          type="checkbox"
        />
         
        <span
          class="base-checkbox__icon"
        >
          <span
            class="base-checkbox__icon-checked"
            data-testid="base-checkbox-icon-checked"
          />
           
          <span
            class="base-checkbox__icon-indeterminate base-checkbox__icon-indeterminate--is-indeterminate"
            data-testid="base-checkbox-icon-indeterminate"
          />
        </span>
         
        <span
          class="base-checkbox__label"
          data-testid="base-checkbox-label"
        >
          All (49)
        </span>
      </label>
       
      <div>
        <div
          class="nested-checkbox"
        >
          <label
            class="base-checkbox"
            data-name="undergraduate"
          >
            <input
              aria-label=""
              class="base-checkbox__input"
              data-testid="base-checkbox-input"
              type="checkbox"
            />
             
            <span
              class="base-checkbox__icon"
            >
              <span
                class="base-checkbox__icon-checked"
                data-testid="base-checkbox-icon-checked"
              />
               
              <span
                class="base-checkbox__icon-indeterminate base-checkbox__icon-indeterminate--is-indeterminate"
                data-testid="base-checkbox-icon-indeterminate"
              />
            </span>
             
            <span
              class="base-checkbox__label"
              data-testid="base-checkbox-label"
            >
              Undergraduate (7)
            </span>
          </label>
           
          <div>
            <div
              class="nested-checkbox"
            >
              <label
                class="base-checkbox"
                data-name="bachelor"
              >
                <input
                  aria-checked="true"
                  aria-label=""
                  class="base-checkbox__input"
                  data-testid="base-checkbox-input"
                  type="checkbox"
                />
                 
                <span
                  class="base-checkbox__icon"
                >
                  <span
                    class="base-checkbox__icon-checked base-checkbox__icon-checked--is-checked"
                    data-testid="base-checkbox-icon-checked"
                  />
                   
                  <span
                    class="base-checkbox__icon-indeterminate"
                    data-testid="base-checkbox-icon-indeterminate"
                  />
                </span>
                 
                <span
                  class="base-checkbox__label"
                  data-testid="base-checkbox-label"
                >
                  Bachelor (6)
                </span>
              </label>
               
              <!---->
            </div>
            <div
              class="nested-checkbox"
            >
              <label
                class="base-checkbox"
                data-name="diploma"
              >
                <input
                  aria-checked="true"
                  aria-label=""
                  class="base-checkbox__input"
                  data-testid="base-checkbox-input"
                  type="checkbox"
                />
                 
                <span
                  class="base-checkbox__icon"
                >
                  <span
                    class="base-checkbox__icon-checked base-checkbox__icon-checked--is-checked"
                    data-testid="base-checkbox-icon-checked"
                  />
                   
                  <span
                    class="base-checkbox__icon-indeterminate"
                    data-testid="base-checkbox-icon-indeterminate"
                  />
                </span>
                 
                <span
                  class="base-checkbox__label"
                  data-testid="base-checkbox-label"
                >
                  Diploma (1)
                </span>
              </label>
               
              <!---->
            </div>
            <div
              class="nested-checkbox"
            >
              <label
                class="base-checkbox"
                data-name="honours"
              >
                <input
                  aria-label=""
                  class="base-checkbox__input"
                  data-testid="base-checkbox-input"
                  type="checkbox"
                />
                 
                <span
                  class="base-checkbox__icon"
                >
                  <span
                    class="base-checkbox__icon-checked"
                    data-testid="base-checkbox-icon-checked"
                  />
                   
                  <span
                    class="base-checkbox__icon-indeterminate"
                    data-testid="base-checkbox-icon-indeterminate"
                  />
                </span>
                 
                <span
                  class="base-checkbox__label"
                  data-testid="base-checkbox-label"
                >
                  Honours (0)
                </span>
              </label>
               
              <!---->
            </div>
          </div>
        </div>
        <div
          class="nested-checkbox"
        >
          <label
            class="base-checkbox"
            data-name="graduate"
          >
            <input
              aria-label=""
              class="base-checkbox__input"
              data-testid="base-checkbox-input"
              type="checkbox"
            />
             
            <span
              class="base-checkbox__icon"
            >
              <span
                class="base-checkbox__icon-checked"
                data-testid="base-checkbox-icon-checked"
              />
               
              <span
                class="base-checkbox__icon-indeterminate"
                data-testid="base-checkbox-icon-indeterminate"
              />
            </span>
             
            <span
              class="base-checkbox__label"
              data-testid="base-checkbox-label"
            >
              Graduate (38)
            </span>
          </label>
           
          <div>
            <div
              class="nested-checkbox"
            >
              <label
                class="base-checkbox"
                data-name="certificate"
              >
                <input
                  aria-label=""
                  class="base-checkbox__input"
                  data-testid="base-checkbox-input"
                  type="checkbox"
                />
                 
                <span
                  class="base-checkbox__icon"
                >
                  <span
                    class="base-checkbox__icon-checked"
                    data-testid="base-checkbox-icon-checked"
                  />
                   
                  <span
                    class="base-checkbox__icon-indeterminate"
                    data-testid="base-checkbox-icon-indeterminate"
                  />
                </span>
                 
                <span
                  class="base-checkbox__label"
                  data-testid="base-checkbox-label"
                >
                  Certificate (10)
                </span>
              </label>
               
              <!---->
            </div>
            <div
              class="nested-checkbox"
            >
              <label
                class="base-checkbox"
                data-name="diploma"
              >
                <input
                  aria-label=""
                  class="base-checkbox__input"
                  data-testid="base-checkbox-input"
                  type="checkbox"
                />
                 
                <span
                  class="base-checkbox__icon"
                >
                  <span
                    class="base-checkbox__icon-checked"
                    data-testid="base-checkbox-icon-checked"
                  />
                   
                  <span
                    class="base-checkbox__icon-indeterminate"
                    data-testid="base-checkbox-icon-indeterminate"
                  />
                </span>
                 
                <span
                  class="base-checkbox__label"
                  data-testid="base-checkbox-label"
                >
                  Diploma (6)
                </span>
              </label>
               
              <!---->
            </div>
            <div
              class="nested-checkbox"
            >
              <label
                class="base-checkbox"
                data-name="master"
              >
                <input
                  aria-label=""
                  class="base-checkbox__input"
                  data-testid="base-checkbox-input"
                  type="checkbox"
                />
                 
                <span
                  class="base-checkbox__icon"
                >
                  <span
                    class="base-checkbox__icon-checked"
                    data-testid="base-checkbox-icon-checked"
                  />
                   
                  <span
                    class="base-checkbox__icon-indeterminate"
                    data-testid="base-checkbox-icon-indeterminate"
                  />
                </span>
                 
                <span
                  class="base-checkbox__label"
                  data-testid="base-checkbox-label"
                >
                  Master (22)
                </span>
              </label>
               
              <!---->
            </div>
          </div>
        </div>
        <div
          class="nested-checkbox"
        >
          <label
            class="base-checkbox"
            data-name="research"
          >
            <input
              aria-label=""
              class="base-checkbox__input"
              data-testid="base-checkbox-input"
              type="checkbox"
            />
             
            <span
              class="base-checkbox__icon"
            >
              <span
                class="base-checkbox__icon-checked"
                data-testid="base-checkbox-icon-checked"
              />
               
              <span
                class="base-checkbox__icon-indeterminate"
                data-testid="base-checkbox-icon-indeterminate"
              />
            </span>
             
            <span
              class="base-checkbox__label"
              data-testid="base-checkbox-label"
            >
              Research (4)
            </span>
          </label>
           
          <div>
            <div
              class="nested-checkbox"
            >
              <label
                class="base-checkbox"
                data-name="master"
              >
                <input
                  aria-label=""
                  class="base-checkbox__input"
                  data-testid="base-checkbox-input"
                  type="checkbox"
                />
                 
                <span
                  class="base-checkbox__icon"
                >
                  <span
                    class="base-checkbox__icon-checked"
                    data-testid="base-checkbox-icon-checked"
                  />
                   
                  <span
                    class="base-checkbox__icon-indeterminate"
                    data-testid="base-checkbox-icon-indeterminate"
                  />
                </span>
                 
                <span
                  class="base-checkbox__label"
                  data-testid="base-checkbox-label"
                >
                  Master (2)
                </span>
              </label>
               
              <!---->
            </div>
            <div
              class="nested-checkbox"
            >
              <label
                class="base-checkbox"
                data-name="phd"
              >
                <input
                  aria-label=""
                  class="base-checkbox__input"
                  data-testid="base-checkbox-input"
                  type="checkbox"
                />
                 
                <span
                  class="base-checkbox__icon"
                >
                  <span
                    class="base-checkbox__icon-checked"
                    data-testid="base-checkbox-icon-checked"
                  />
                   
                  <span
                    class="base-checkbox__icon-indeterminate"
                    data-testid="base-checkbox-icon-indeterminate"
                  />
                </span>
                 
                <span
                  class="base-checkbox__label"
                  data-testid="base-checkbox-label"
                >
                  PhD (2)
                </span>
              </label>
               
              <!---->
            </div>
          </div>
        </div>
      </div>
    </div>
  </div>
</div>
`;
