// Jest Snapshot v1, https://goo.gl/fbAQLP

exports[`SidePanel should match snapshot 1`] = `
<nav
  class="side-panel"
>
  <div
    class="side-panel__inner"
  >
    <h5
      class="side-panel__title"
    >
      
      
      
      <button
        class="side-panel__trigger"
      >
        <!---->
      </button>
    </h5>
     
    <ul
      class="side-panel__nav"
    />
  </div>
</nav>
`;
