// Jest Snapshot v1, https://goo.gl/fbAQLP

exports[`PageBreadcrumbs with two items should match snapshot 1`] = `
<nav
  aria-label="Breadcrumb"
>
  <ol
    class="page-breadcrumbs max links-reset"
    itemscope="itemscope"
    itemtype="http://schema.org/BreadcrumbList"
  >
    <li
      class="page-breadcrumbs__item"
      itemprop="itemListElement"
      itemscope="itemscope"
      itemtype="http://schema.org/ListItem"
    >
      <meta
        content="1"
        itemprop="position"
      />
       
      <a
        class="page-breadcrumbs__link"
        href="/foo"
        itemprop="item"
      >
        <svg
          aria-hidden="true"
          aria-label="home"
          class="page-breadcrumbs__home"
          focusable="false"
          height="18"
          role="img"
          width="18"
        >
          <use
            xlink:href="#icon-home"
          />
           
          <title>
            Home
          </title>
           
        </svg>
         
        <span
          class="page-breadcrumbs__name"
          itemprop="name"
        >
          Foo
        </span>
         
        <svg
          aria-hidden="true"
          aria-label="Chevron right"
          class="page-breadcrumbs__chevron"
          focusable="false"
          height="12"
          role="img"
          width="12"
        >
          <use
            xlink:href="#icon-chevron-right"
          />
           
          <title>
            Chevron-right
          </title>
           
        </svg>
      </a>
    </li>
    <li
      class="page-breadcrumbs__item"
      itemprop="itemListElement"
      itemscope="itemscope"
      itemtype="http://schema.org/ListItem"
    >
      <meta
        content="2"
        itemprop="position"
      />
       
      <a
        aria-current="true"
        class="page-breadcrumbs__link"
        href="/bar"
        itemprop="item"
      >
        <!---->
         
        <span
          class="page-breadcrumbs__name"
          itemprop="name"
        >
          Bar
        </span>
         
        <!---->
      </a>
    </li>
  </ol>
</nav>
`;
